./404.meta.js
./asking-ai/How do you make t-shirt yarn/chatgpt.meta.js
./asking-ai/technical/list-files-from-a-terminal/bing.meta.js
./asking-ai/technical/list-files-from-a-terminal/index.meta.js
./blogs/kristy/2024/01/01-planting-seeds-using-my-morning-tea-bags.meta.js
./index.meta.js
./recipes/desserts/almond-cake.meta.js
./recipes/desserts/date-balls.meta.js
./recipes/desserts/ginger-snaps.meta.js
./recipes/desserts/index.meta.js
./recipes/desserts/rainbow-cookies.meta.js
./recipes/desserts/tiramisu.meta.js
./recipes/index.meta.js
./recipes/meats/chicken-meatballs.meta.js
./recipes/meats/index.meta.js
./recipes/sides/index.meta.js
./recipes/sides/mashed-potatoes.meta.js
./recipes/sides/yeast-rolls.meta.js
./upcycling/food-scraps/coffee-grounds.meta.js
./upcycling/food-scraps/index.meta.js
./upcycling/food-scraps/tea-bags.meta.js
./upcycling/index.meta.js
./upcycling/textiles/index.meta.js
./upcycling/textiles/t-shirts.meta.js
./web-design/hamburger.meta.js
./web-design/index.meta.js
./web-design/sitemaps.meta.js
